// Jest Snapshot v1, https://goo.gl/fbAQLP

exports[`render with snapshot 1`] = `
<DocumentFragment>
  <form>
    <input
      data-testid="input"
      type="text"
      value="test"
    />
    <button>
      Submitt
    </button>
  </form>
</DocumentFragment>
`;
